[2026-03-13 07:51:00] OTP request blocked: missing phone.
[2026-03-13 07:52:50] OTP request blocked: missing phone.
[2026-03-13 07:54:22] OTP request received: method=GET | payload=[]
[2026-03-13 07:54:22] OTP request blocked: missing phone.
[2026-03-13 08:00:02] OTP request received: method=GET | payload=[]
[2026-03-13 08:00:02] OTP request blocked: missing phone.
[2026-03-13 08:37:26] OTP request received: method=GET | payload=[]
[2026-03-13 08:37:26] OTP request blocked: missing phone.
[2026-03-13 09:46:00] OTP request received: method=GET | payload=[]
[2026-03-13 09:46:00] OTP request blocked: missing phone.
[2026-03-13 10:05:35] OTP request received: method=GET | payload=[]
[2026-03-13 10:05:35] OTP request blocked: missing phone.
[2026-03-13 11:45:25] OTP request received: method=POST | payload={"action":"send","phone":"7535898638"}
[2026-03-13 11:45:25] OTP send request received.
[2026-03-13 11:45:26] OTP send response: HTTP 200 | {"Response":{"Message":"Message ID: 152298573"},"Status":"OK"}
[2026-03-13 11:46:01] OTP request received: method=POST | payload={"action":"verify","phone":"7535898638","code":"121022"}
[2026-03-13 11:51:10] OTP request received: method=POST | payload={"action":"send","phone":"8826729722"}
[2026-03-13 11:51:10] OTP send request received.
[2026-03-13 11:51:10] OTP send response: HTTP 200 | {"Response":{"Message":"Message ID: 152300282"},"Status":"OK"}
[2026-03-13 11:51:35] OTP request received: method=POST | payload={"action":"verify","phone":"8826729722","code":"786961"}
[2026-03-13 11:54:38] OTP request received: method=POST | payload={"action":"send","phone":"7535898638"}
[2026-03-13 11:54:38] OTP send request received.
[2026-03-13 11:54:38] OTP send response: HTTP 200 | {"Response":{"Message":"Message ID: 152301483"},"Status":"OK"}
[2026-03-13 11:54:49] OTP request received: method=POST | payload={"action":"verify","phone":"7535898638","code":"312502"}
[2026-03-13 11:56:21] OTP request received: method=POST | payload={"action":"send","phone":"7827674412"}
[2026-03-13 11:56:21] OTP send request received.
[2026-03-13 11:56:23] OTP send response: HTTP 200 | {"Response":{"Message":"Message ID: 152302170"},"Status":"OK"}
[2026-03-13 11:57:10] OTP request received: method=POST | payload={"action":"send","phone":"7827674412"}
[2026-03-13 11:57:10] OTP send request received.
[2026-03-13 11:57:10] OTP send response: HTTP 200 | {"Response":{"Message":"Message ID: 152302488"},"Status":"OK"}
[2026-03-13 11:58:05] OTP request received: method=POST | payload={"action":"verify","phone":"7827674412","code":"411889"}
[2026-03-13 11:58:18] OTP request received: method=POST | payload={"action":"verify","phone":"7827674412","code":"168889"}
[2026-03-13 12:12:55] OTP request received: method=POST | payload={"action":"send","phone":"7535898638"}
[2026-03-13 12:12:55] OTP send request received.
[2026-03-13 12:12:55] OTP send response: HTTP 200 | {"Response":{"Message":"Message ID: 152307451"},"Status":"OK"}
[2026-03-13 12:13:17] OTP request received: method=POST | payload={"action":"verify","phone":"7535898638","code":"537157"}
[2026-03-13 12:14:27] OTP request received: method=POST | payload={"action":"status","phone":"7535898638"}
[2026-03-13 12:15:02] OTP request received: method=POST | payload={"action":"send","phone":"7535898638"}
[2026-03-13 12:15:02] OTP send request received.
[2026-03-13 12:15:02] OTP send response: HTTP 200 | {"Response":{"Message":"Message ID: 152307988"},"Status":"OK"}
[2026-03-13 12:15:19] OTP request received: method=POST | payload={"action":"verify","phone":"7535898638","code":"327854"}
[2026-03-13 12:20:39] OTP request received: method=POST | payload={"action":"send","phone":"7535898638"}
[2026-03-13 12:20:39] OTP send request received.
[2026-03-13 12:20:40] OTP send response: HTTP 200 | {"Response":{"Message":"Message ID: 152309313"},"Status":"OK"}
[2026-03-13 12:20:56] OTP request received: method=POST | payload={"action":"verify","phone":"7535898638","code":"117136"}
[2026-03-13 12:32:08] OTP request received: method=POST | payload={"action":"send","phone":"7535898638"}
[2026-03-13 12:32:08] OTP send request received.
[2026-03-13 12:32:08] OTP send response: HTTP 200 | {"Response":{"Message":"Message ID: 152311123"},"Status":"OK"}
[2026-03-13 12:32:25] OTP request received: method=POST | payload={"action":"verify","phone":"7535898638","code":"699540"}
[2026-03-14 10:41:07] OTP request received: method=POST | payload={"action":"send","phone":"8340302627"}
[2026-03-14 10:41:07] OTP send request received.
[2026-03-14 10:41:13] OTP send response: HTTP 200 | {"Response":{"Message":"Message ID: 152471894"},"Status":"OK"}
[2026-03-14 10:41:43] OTP request received: method=POST | payload={"action":"verify","phone":"8340302627","code":"662049"}
[2026-03-14 10:41:54] OTP request received: method=POST | payload={"action":"verify","phone":"8340302627","code":"660249"}
[2026-03-16 05:24:37] OTP request received: method=POST | payload={"action":"send","phone":"8222911764"}
[2026-03-16 05:24:37] OTP send request received.
[2026-03-16 05:24:37] OTP send response: HTTP 200 | {"Response":{"Message":"Message ID: 152706672"},"Status":"OK"}
[2026-03-16 05:34:20] OTP request received: method=POST | payload={"action":"verify","phone":"8222911764","code":"506902"}
[2026-03-16 05:34:26] OTP request received: method=POST | payload={"action":"send","phone":"8222911764"}
[2026-03-16 05:34:26] OTP send request received.
[2026-03-16 05:34:26] OTP send response: HTTP 200 | {"Response":{"Message":"Message ID: 152709291"},"Status":"OK"}
[2026-03-16 05:35:06] OTP request received: method=POST | payload={"action":"verify","phone":"8222911764","code":"713352"}
[2026-03-16 05:35:38] OTP request received: method=POST | payload={"action":"verify","phone":"8222911764","code":"713352"}
[2026-03-16 06:31:30] OTP request received: method=POST | payload={"action":"send","phone":"8373916828"}
[2026-03-16 06:31:30] OTP send request received.
[2026-03-16 06:31:30] OTP send response: HTTP 200 | {"Response":{"Message":"Message ID: 152729298"},"Status":"OK"}
[2026-03-16 06:31:45] OTP request received: method=POST | payload={"action":"verify","phone":"8373916828","code":"345528"}
[2026-03-16 07:43:29] OTP request received: method=POST | payload={"action":"send","phone":"9999455430"}
[2026-03-16 07:43:29] OTP send request received.
[2026-03-16 07:43:29] OTP send response: HTTP 200 | {"Response":{"Message":"Message ID: 152751895"},"Status":"OK"}
[2026-03-16 07:43:45] OTP request received: method=POST | payload={"action":"verify","phone":"9999455430","code":"220874"}
[2026-03-16 07:43:57] OTP request received: method=POST | payload={"action":"verify","phone":"9999455430","code":"220874"}
[2026-03-16 07:44:20] OTP request received: method=POST | payload={"action":"status","phone":"9999455430"}
[2026-03-16 07:44:26] OTP request received: method=POST | payload={"action":"send","phone":"9999455430"}
[2026-03-16 07:44:26] OTP send request received.
[2026-03-16 07:44:26] OTP send response: HTTP 200 | {"Response":{"Message":"Message ID: 152752094"},"Status":"OK"}
[2026-03-16 07:44:43] OTP request received: method=POST | payload={"action":"verify","phone":"9999455430","code":"857214"}
[2026-03-16 08:15:53] OTP request received: method=POST | payload={"action":"send","phone":"7027040525"}
[2026-03-16 08:15:53] OTP send request received.
[2026-03-16 08:15:54] OTP send response: HTTP 200 | {"Response":{"Message":"Message ID: 152761498"},"Status":"OK"}
[2026-03-16 08:16:35] OTP request received: method=POST | payload={"action":"verify","phone":"7027040525","code":"156114"}
[2026-03-23 07:25:54] OTP request received: method=POST | payload={"action":"send","phone":"7027040525"}
[2026-03-23 07:25:54] OTP send request received.
[2026-03-23 07:25:54] OTP send response: HTTP 200 | {"Response":{"Message":"Message ID: 154009442"},"Status":"OK"}
[2026-03-23 07:27:01] OTP request received: method=POST | payload={"action":"verify","phone":"7027040525","code":"738124"}
[2026-03-24 13:31:53] OTP request received: method=POST | payload={"action":"send","phone":"7011613774"}
[2026-03-24 13:31:53] OTP send request received.
[2026-03-24 13:31:54] OTP send response: HTTP 200 | {"Response":{"Message":"Message ID: 154299739"},"Status":"OK"}
[2026-03-24 13:32:20] OTP request received: method=POST | payload={"action":"verify","phone":"7011613774","code":"994568"}
[2026-03-24 13:42:05] OTP request received: method=POST | payload={"action":"send","phone":"7011613774"}
[2026-03-24 13:42:05] OTP send request received.
[2026-03-24 13:42:06] OTP send response: HTTP 200 | {"Response":{"Message":"Message ID: 154301081"},"Status":"OK"}
[2026-03-24 13:42:26] OTP request received: method=POST | payload={"action":"verify","phone":"7011613774","code":"641204"}
[2026-03-24 13:42:37] OTP request received: method=POST | payload={"action":"verify","phone":"7011613774","code":"641204"}
